
             SystemC 2.3.0-ASI --- May 25 2026 00:51:50
        Copyright (c) 1996-2012 by all Contributors,
        ALL RIGHTS RESERVED

No sc_log specified, will use the default setting
verbosity_level = SC_MEDIUM
DMI mode enable
RAM base address: 0xc0000000
bridge: tlm2c_elaborate..

Info: nvdla.irq_adaptor: configured IRQ line 176
[    0.000000] Booting Linux on physical CPU 0x0
[    0.000000] Linux version 4.13.3 (root@493457e98b58) (gcc version 6.4.1 20170707 (Linaro GCC 6.4-2017.08)) #1 SMP PREEMPT Thu May 28 21:53:25 UTC 2026
[    0.000000] Boot CPU: AArch64 Processor [411fd070]
[    0.000000] Machine model: linux,dummy-virt
[    0.000000] efi: Getting EFI parameters from FDT:
[    0.000000] efi: UEFI not found.
[    0.000000] cma: Reserved 16 MiB at 0x000000007f000000
[    0.000000] NUMA: No NUMA configuration found
[    0.000000] NUMA: Faking a node at [mem 0x0000000000000000-0x000000007fffffff]
[    0.000000] NUMA: NODE_DATA [mem 0x7efe8900-0x7efea3ff]
[    0.000000] Zone ranges:
[    0.000000]   DMA      [mem 0x0000000040000000-0x000000007fffffff]
[    0.000000]   Normal   empty
[    0.000000] Movable zone start for each node
[    0.000000] Early memory node ranges
[    0.000000]   node   0: [mem 0x0000000040000000-0x000000007fffffff]
[    0.000000] Initmem setup node 0 [mem 0x0000000040000000-0x000000007fffffff]
[    0.000000] psci: probing for conduit method from DT.
[    0.000000] psci: PSCIv0.2 detected in firmware.
[    0.000000] psci: Using standard PSCI v0.2 function IDs
[    0.000000] psci: Trusted OS migration not required
[    0.000000] percpu: Embedded 26 pages/cpu @ffff80003efcb000 s67352 r8192 d30952 u106496
[    0.000000] Detected PIPT I-cache on CPU0
[    0.000000] CPU features: enabling workaround for ARM erratum 832075
[    0.000000] CPU features: enabling workaround for ARM erratum 834220
[    0.000000] Built 1 zonelists in Node order, mobility grouping on.  Total pages: 258048
[    0.000000] Policy zone: DMA
[    0.000000] Kernel command line: "root=/dev/vda"
[    0.000000] PID hash table entries: 4096 (order: 3, 32768 bytes)
[    0.000000] Memory: 999232K/1048576K available (9404K kernel code, 1130K rwdata, 4164K rodata, 1088K init, 400K bss, 32960K reserved, 16384K cma-reserved)
[    0.000000] Virtual kernel memory layout:
[    0.000000]     modules : 0xffff000000000000 - 0xffff000008000000   (   128 MB)
[    0.000000]     vmalloc : 0xffff000008000000 - 0xffff7dffbfff0000   (129022 GB)
[    0.000000]       .text : 0xffff000008080000 - 0xffff0000089b0000   (  9408 KB)
[    0.000000]     .rodata : 0xffff0000089b0000 - 0xffff000008dd0000   (  4224 KB)
[    0.000000]       .init : 0xffff000008dd0000 - 0xffff000008ee0000   (  1088 KB)
[    0.000000]       .data : 0xffff000008ee0000 - 0xffff000008ffaa00   (  1131 KB)
[    0.000000]        .bss : 0xffff000008ffaa00 - 0xffff00000905ed60   (   401 KB)
[    0.000000]     fixed   : 0xffff7dfffe7fd000 - 0xffff7dfffec00000   (  4108 KB)
[    0.000000]     PCI I/O : 0xffff7dfffee00000 - 0xffff7dffffe00000   (    16 MB)
[    0.000000]     vmemmap : 0xffff7e0000000000 - 0xffff800000000000   (  2048 GB maximum)
[    0.000000]               0xffff7e0000000000 - 0xffff7e0001000000   (    16 MB actual)
[    0.000000]     memory  : 0xffff800000000000 - 0xffff800040000000   (  1024 MB)
[    0.000000] SLUB: HWalign=64, Order=0-3, MinObjects=0, CPUs=1, Nodes=1
[    0.000000] Preemptible hierarchical RCU implementation.
[    0.000000] 	RCU restricting CPUs from NR_CPUS=64 to nr_cpu_ids=1.
[    0.000000] RCU: Adjusting geometry for rcu_fanout_leaf=16, nr_cpu_ids=1
[    0.000000] NR_IRQS: 64, nr_irqs: 64, preallocated irqs: 0
[    0.000000] GICv2m: range[mem 0x08020000-0x08020fff], SPI[80:143]
[    0.000000] arch_timer: cp15 timer(s) running at 62.50MHz (virt).
[    0.000000] clocksource: arch_sys_counter: mask: 0xffffffffffffff max_cycles: 0x1cd42e208c, max_idle_ns: 881590405314 ns
[    0.000106] sched_clock: 56 bits at 62MHz, resolution 16ns, wraps every 4398046511096ns
[    0.002141] Console: colour dummy device 80x25
[    0.005403] console [tty0] enabled
[    0.006111] Calibrating delay loop (skipped), value calculated using timer frequency.. 125.00 BogoMIPS (lpj=250000)
[    0.006257] pid_max: default: 32768 minimum: 301
[    0.006885] Security Framework initialized
[    0.008278] Dentry cache hash table entries: 131072 (order: 8, 1048576 bytes)
[    0.008953] Inode-cache hash table entries: 65536 (order: 7, 524288 bytes)
[    0.009103] Mount-cache hash table entries: 2048 (order: 2, 16384 bytes)
[    0.009179] Mountpoint-cache hash table entries: 2048 (order: 2, 16384 bytes)
[    0.040491] ASID allocator initialised with 65536 entries
[    0.048203] Hierarchical SRCU implementation.
[    0.060213] EFI services will not be available.
[    0.065948] smp: Bringing up secondary CPUs ...
[    0.066065] smp: Brought up 1 node, 1 CPU
[    0.066162] SMP: Total of 1 processors activated.
[    0.066380] CPU features: detected feature: 32-bit EL0 Support
[    0.068292] CPU: All CPU(s) started at EL1
[    0.068683] alternatives: patching kernel code
[    0.076302] devtmpfs: initialized
[    0.084790] clocksource: jiffies: mask: 0xffffffff max_cycles: 0xffffffff, max_idle_ns: 7645041785100000 ns
[    0.084956] futex hash table entries: 256 (order: 3, 32768 bytes)
[    0.086588] pinctrl core: initialized pinctrl subsystem
[    0.092765] DMI not present or invalid.
[    0.095385] random: get_random_u32 called from bucket_table_alloc+0xf8/0x280 with crng_init=0
[    0.097938] NET: Registered protocol family 16
[    0.103922] random: fast init done
[    0.117381] cpuidle: using governor menu
[    0.118301] vdso: 2 pages (1 code @ ffff0000089b6000, 1 data @ ffff000008ee5000)
[    0.118471] hw-breakpoint: found 6 breakpoint and 4 watchpoint registers.
[    0.122849] DMA: preallocated 256 KiB pool for atomic allocations
[    0.125706] Serial: AMBA PL011 UART driver
[    0.157354] 9000000.pl011: ttyAMA0 at MMIO 0x9000000 (irq = 40, base_baud = 0) is a PL011 rev1
[    0.176439] console [ttyAMA0] enabled
[    0.267064] HugeTLB registered 2.00 MiB page size, pre-allocated 0 pages
[    0.283718] ACPI: Interpreter disabled.
[    0.287508] vgaarb: loaded
[    0.290162] SCSI subsystem initialized
[    0.293712] usbcore: registered new interface driver usbfs
[    0.294541] usbcore: registered new interface driver hub
[    0.295675] usbcore: registered new device driver usb
[    0.299652] pps_core: LinuxPPS API ver. 1 registered
[    0.299879] pps_core: Software ver. 5.3.6 - Copyright 2005-2007 Rodolfo Giometti <giometti@linux.it>
[    0.300424] PTP clock support registered
[    0.302070] EDAC MC: Ver: 3.0.0
[    0.308592] dmi: Firmware registration failed.
[    0.310047] Advanced Linux Sound Architecture Driver Initialized.
[    0.321979] clocksource: Switched to clocksource arch_sys_counter
[    0.323883] VFS: Disk quotas dquot_6.6.0
[    0.324242] VFS: Dquot-cache hash table entries: 512 (order 0, 4096 bytes)
[    0.327611] pnp: PnP ACPI: disabled
[    0.363393] NET: Registered protocol family 2
[    0.367983] TCP established hash table entries: 8192 (order: 4, 65536 bytes)
[    0.368520] TCP bind hash table entries: 8192 (order: 5, 131072 bytes)
[    0.368903] TCP: Hash tables configured (established 8192 bind 8192)
[    0.369916] UDP hash table entries: 512 (order: 2, 16384 bytes)
[    0.370719] UDP-Lite hash table entries: 512 (order: 2, 16384 bytes)
[    0.371794] NET: Registered protocol family 1
[    0.382672] RPC: Registered named UNIX socket transport module.
[    0.383001] RPC: Registered udp transport module.
[    0.383207] RPC: Registered tcp transport module.
[    0.383390] RPC: Registered tcp NFSv4.1 backchannel transport module.
[    0.387875] hw perfevents: enabled with armv8_pmuv3 PMU driver, 1 counters available
[    0.388655] kvm [1]: HYP mode not available
[    0.397043] audit: initializing netlink subsys (disabled)
[    0.401363] audit: type=2000 audit(0.377:1): state=initialized audit_enabled=0 res=1
[    0.402835] workingset: timestamp_bits=44 max_order=18 bucket_order=0
[    0.439069] squashfs: version 4.0 (2009/01/31) Phillip Lougher
[    0.443615] NFS: Registering the id_resolver key type
[    0.444316] Key type id_resolver registered
[    0.444508] Key type id_legacy registered
[    0.444744] nfs4filelayout_init: NFSv4 File Layout Driver Registering...
[    0.446898] 9p: Installing v9fs 9p2000 file system support
[    0.457129] Block layer SCSI generic (bsg) driver version 0.4 loaded (major 247)
[    0.457573] io scheduler noop registered
[    0.459309] io scheduler cfq registered (default)
[    0.459593] io scheduler mq-deadline registered
[    0.459786] io scheduler kyber registered
[    0.487555] pl061_gpio 9030000.pl061: PL061 GPIO chip @0x0000000009030000 registered
[    0.494590] OF: PCI: host bridge /pcie@10000000 ranges:
[    0.495087] OF: PCI:    IO 0x3eff0000..0x3effffff -> 0x00000000
[    0.495450] OF: PCI:   MEM 0x10000000..0x3efeffff -> 0x10000000
[    0.495675] OF: PCI:   MEM 0x8000000000..0xffffffffff -> 0x8000000000
[    0.496253] pci-host-generic 3f000000.pcie: ECAM at [mem 0x3f000000-0x3fffffff] for [bus 00-0f]
[    0.499001] pci-host-generic 3f000000.pcie: PCI host bridge to bus 0000:00
[    0.499438] pci_bus 0000:00: root bus resource [bus 00-0f]
[    0.499672] pci_bus 0000:00: root bus resource [io  0x0000-0xffff]
[    0.499883] pci_bus 0000:00: root bus resource [mem 0x10000000-0x3efeffff]
[    0.500148] pci_bus 0000:00: root bus resource [mem 0x8000000000-0xffffffffff]
[    0.553889] Serial: 8250/16550 driver, 4 ports, IRQ sharing enabled
[    0.563996] SuperH (H)SCI(F) driver initialized
[    0.566622] msm_serial: driver initialized
[    0.569085] cacheinfo: Unable to detect cache hierarchy for CPU 0
[    0.596243] loop: module loaded
[    0.626925] hisi_sas: driver version v1.6
[    0.643083] libphy: Fixed MDIO Bus: probed
[    0.646925] tun: Universal TUN/TAP device driver, 1.6
[    0.656284] e1000e: Intel(R) PRO/1000 Network Driver - 3.2.6-k
[    0.656541] e1000e: Copyright(c) 1999 - 2015 Intel Corporation.
[    0.657414] igb: Intel(R) Gigabit Ethernet Network Driver - version 5.4.0-k
[    0.657666] igb: Copyright (c) 2007-2014 Intel Corporation.
[    0.659276] igbvf: Intel(R) Gigabit Virtual Function Network Driver - version 2.4.0-k
[    0.659609] igbvf: Copyright (c) 2009 - 2012 Intel Corporation.
[    0.661102] sky2: driver version 1.30
[    0.663939] VFIO - User Level meta-driver version: 0.3
[    0.670487] ehci_hcd: USB 2.0 'Enhanced' Host Controller (EHCI) Driver
[    0.670783] ehci-pci: EHCI PCI platform driver
[    0.671930] ehci-platform: EHCI generic platform driver
[    0.673156] ehci-orion: EHCI orion driver
[    0.673840] ehci-exynos: EHCI EXYNOS driver
[    0.674851] ehci-msm: Qualcomm On-Chip EHCI Host Controller
[    0.675419] ohci_hcd: USB 1.1 'Open' Host Controller (OHCI) Driver
[    0.675734] ohci-pci: OHCI PCI platform driver
[    0.676231] ohci-platform: OHCI generic platform driver
[    0.676822] ohci-exynos: OHCI EXYNOS driver
[    0.680592] usbcore: registered new interface driver usb-storage
[    0.692377] rtc-pl031 9010000.pl031: rtc core: registered pl031 as rtc0
[    0.695199] i2c /dev entries driver
[    0.709970] sdhci: Secure Digital Host Controller Interface driver
[    0.710671] sdhci: Copyright(c) Pierre Ossman
[    0.713179] Synopsys Designware Multimedia Card Interface Driver
[    0.716403] sdhci-pltfm: SDHCI platform and OF driver helper
[    0.722415] ledtrig-cpu: registered to indicate activity on CPUs
[    0.727158] usbcore: registered new interface driver usbhid
[    0.727411] usbhid: USB HID core driver
[    0.739218] NET: Registered protocol family 17
[    0.740075] 9pnet: Installing 9P2000 support
[    0.742528] Key type dns_resolver registered
[    0.744532] registered taskstats version 1
[    0.749979] input: gpio-keys as /devices/platform/gpio-keys/input/input0
[    0.752420] rtc-pl031 9010000.pl031: setting system clock to 2026-05-29 14:09:01 UTC (1780063741)
[    0.753264] ALSA device list:
[    0.753397]   No soundcards found.
[    0.755974] uart-pl011 9000000.pl011: no DMA platform data
[    0.759890] EXT4-fs (vda): couldn't mount as ext3 due to feature incompatibilities
[    0.762796] EXT4-fs (vda): INFO: recovery required on readonly filesystem
[    0.763102] EXT4-fs (vda): write access will be enabled during recovery
[    0.805181] EXT4-fs (vda): recovery complete
[    0.811293] EXT4-fs (vda): mounted filesystem with ordered data mode. Opts: (null)
[    0.811808] VFS: Mounted root (ext4 filesystem) readonly on device 254:0.
[    0.813765] devtmpfs: mounted
[    0.863963] Freeing unused kernel memory: 1088K
[    0.966892] EXT4-fs (vda): re-mounted. Opts: data=ordered
Starting logging: OK
Initializing random number generator... done.
Starting network: udhcpc: started, v1.27.2
udhcpc: sending discover
udhcpc: sending select for 10.0.2.15
udhcpc: lease of 10.0.2.15 obtained, lease time 86400
deleting routers
adding dns 10.0.2.3
OK
Starting sshd: /etc/ssh/sshd_config line 83: Unsupported option UsePAM
/etc/ssh/sshd_config line 120: Unsupported option UsePAM
[    2.058156] NET: Registered protocol family 10
[    2.073147] Segment Routing with IPv6
OK

Welcome to Buildroot
buildroot login: [   24.137517] opendla: loading out-of-tree module taints kernel.
[   24.141282] reset engine done
[   24.144654] [drm] Initialized nvdla 0.0.0 20171017 for 10200000.nvdla on minor 0
[   24.768973] Enter:dla_read_network_config
[   24.769785] Exit:dla_read_network_config status=0
[   24.771098] Enter: dla_initiate_processors
[   24.771496] Enter: dla_submit_operation
[   24.771672] Prepare SDP operation index 0 ROI 0 dep_count 0
[   24.771892] Enter: dla_prepare_operation
[   24.772417] processor:SDP group:0, rdma_group:0 available
[   24.772692] Enter: dla_read_config
[   24.773000] Exit: dla_read_config
[   24.773188] Exit: dla_prepare_operation status=0
[   24.773393] Enter: dla_program_operation
[   24.773560] Program SDP operation index 0 ROI 0 Group[0]

Fatal: NV_NVDLA_csb_master.cpp: 211:NV_NVDLA_csb_master::nvdla2csb_b_transport: Receiving an invalid csb address to nvdla sub-units. payload->pd.csb2xx_16m_secure_be_lvl.addr = 0x4, base_addr=0x0
In file: ../cmod/csb_master/gen/NV_NVDLA_csb_master.cpp:211
In process: CPU.do_io @ 24800 ms
