ENTER fd=3 req=0xc0106441 arg=0xfffff8732a30 size=16 data=00000000000000000010000000000000
EXIT fd=3 req=0xc0106441 ret=0 arg=0xfffff8732a30 size=16 data=01000000000000000010000000000000
ENTER fd=3 req=0xc00c642d arg=0xfffff8732a20 size=12 data=010000000000000000000000
EXIT fd=3 req=0xc00c642d ret=0 arg=0xfffff8732a20 size=12 data=010000000000000004000000
ENTER fd=3 req=0xc0106442 arg=0xfffff8732a40 size=16 data=01000000000000000000000000000000
EXIT fd=3 req=0xc0106442 ret=0 arg=0xfffff8732a40 size=16 data=01000000000000000000000000000000
ENTER fd=3 req=0xc0106441 arg=0xfffff8732a30 size=16 data=00000000000000006004000000000000
EXIT fd=3 req=0xc0106441 ret=0 arg=0xfffff8732a30 size=16 data=02000000000000006004000000000000
ENTER fd=3 req=0xc00c642d arg=0xfffff8732a20 size=12 data=020000000000000000000000
EXIT fd=3 req=0xc00c642d ret=0 arg=0xfffff8732a20 size=12 data=020000000000000005000000
ENTER fd=3 req=0xc0106442 arg=0xfffff8732a40 size=16 data=02000000000000000000000000000000
EXIT fd=3 req=0xc0106442 ret=0 arg=0xfffff8732a40 size=16 data=02000000000000000010000000000000
ENTER fd=3 req=0xc0106441 arg=0xfffff8732a30 size=16 data=00000000000000002800000000000000
EXIT fd=3 req=0xc0106441 ret=0 arg=0xfffff8732a30 size=16 data=03000000000000002800000000000000
ENTER fd=3 req=0xc00c642d arg=0xfffff8732a20 size=12 data=030000000000000000000000
EXIT fd=3 req=0xc00c642d ret=0 arg=0xfffff8732a20 size=12 data=030000000000000006000000
ENTER fd=3 req=0xc0106442 arg=0xfffff8732a40 size=16 data=03000000000000000000000000000000
EXIT fd=3 req=0xc0106442 ret=0 arg=0xfffff8732a40 size=16 data=03000000000000000020000000000000
ENTER fd=3 req=0xc0106441 arg=0xfffff8732a30 size=16 data=00000000000000002400000000000000
EXIT fd=3 req=0xc0106441 ret=0 arg=0xfffff8732a30 size=16 data=04000000000000002400000000000000
ENTER fd=3 req=0xc00c642d arg=0xfffff8732a20 size=12 data=040000000000000000000000
EXIT fd=3 req=0xc00c642d ret=0 arg=0xfffff8732a20 size=12 data=040000000000000007000000
ENTER fd=3 req=0xc0106442 arg=0xfffff8732a40 size=16 data=04000000000000000000000000000000
EXIT fd=3 req=0xc0106442 ret=0 arg=0xfffff8732a40 size=16 data=04000000000000000030000000000000
ENTER fd=3 req=0xc0106441 arg=0xfffff8732a30 size=16 data=00000000000000007400000000000000
EXIT fd=3 req=0xc0106441 ret=0 arg=0xfffff8732a30 size=16 data=05000000000000007400000000000000
ENTER fd=3 req=0xc00c642d arg=0xfffff8732a20 size=12 data=050000000000000000000000
EXIT fd=3 req=0xc00c642d ret=0 arg=0xfffff8732a20 size=12 data=050000000000000008000000
ENTER fd=3 req=0xc0106442 arg=0xfffff8732a40 size=16 data=05000000000000000000000000000000
EXIT fd=3 req=0xc0106442 ret=0 arg=0xfffff8732a40 size=16 data=05000000000000000040000000000000
ENTER fd=3 req=0xc0106441 arg=0xfffff8732a30 size=16 data=00000000000000008402000000000000
EXIT fd=3 req=0xc0106441 ret=0 arg=0xfffff8732a30 size=16 data=06000000000000008402000000000000
ENTER fd=3 req=0xc00c642d arg=0xfffff8732a20 size=12 data=060000000000000000000000
EXIT fd=3 req=0xc00c642d ret=0 arg=0xfffff8732a20 size=12 data=060000000000000009000000
ENTER fd=3 req=0xc0106442 arg=0xfffff8732a40 size=16 data=06000000000000000000000000000000
EXIT fd=3 req=0xc0106442 ret=0 arg=0xfffff8732a40 size=16 data=06000000000000000050000000000000
ENTER fd=3 req=0xc0106441 arg=0xfffff8732a30 size=16 data=00000000000000000010000000000000
EXIT fd=3 req=0xc0106441 ret=0 arg=0xfffff8732a30 size=16 data=07000000000000000010000000000000
ENTER fd=3 req=0xc00c642d arg=0xfffff8732a20 size=12 data=070000000000000000000000
EXIT fd=3 req=0xc00c642d ret=0 arg=0xfffff8732a20 size=12 data=07000000000000000a000000
ENTER fd=3 req=0xc0106442 arg=0xfffff8732a40 size=16 data=07000000000000000000000000000000
EXIT fd=3 req=0xc0106442 ret=0 arg=0xfffff8732a40 size=16 data=07000000000000000060000000000000
ENTER fd=3 req=0xc0106441 arg=0xfffff8732a80 size=16 data=00000000000000006004000000000000
EXIT fd=3 req=0xc0106441 ret=0 arg=0xfffff8732a80 size=16 data=08000000000000006004000000000000
ENTER fd=3 req=0xc00c642d arg=0xfffff8732a70 size=12 data=080000000000000000000000
EXIT fd=3 req=0xc00c642d ret=0 arg=0xfffff8732a70 size=12 data=08000000000000000b000000
ENTER fd=3 req=0xc0106442 arg=0xfffff8732a90 size=16 data=08000000000000000000000000000000
EXIT fd=3 req=0xc0106442 ret=0 arg=0xfffff8732a90 size=16 data=08000000000000000070000000000000
ENTER fd=3 req=0xc0106441 arg=0xfffff8732a70 size=16 data=00000000000000006004000000000000
EXIT fd=3 req=0xc0106441 ret=0 arg=0xfffff8732a70 size=16 data=09000000000000006004000000000000
ENTER fd=3 req=0xc00c642d arg=0xfffff8732a60 size=12 data=090000000000000000000000
EXIT fd=3 req=0xc00c642d ret=0 arg=0xfffff8732a60 size=12 data=09000000000000000c000000
ENTER fd=3 req=0xc0106442 arg=0xfffff8732a80 size=16 data=09000000000000000000000000000000
EXIT fd=3 req=0xc0106442 ret=0 arg=0xfffff8732a80 size=16 data=09000000000000000080000000000000
ENTER fd=3 req=0xc0106440 arg=0xfffff86bd7e0 size=16 data=a08464f8ffffffff0100000000000000
SUBMIT tasks=0xfffffffff86484a0 num_tasks=1 flags=0x0 version=0
TASK[0] addr=0xfffffffff86484a0 data=0900000000000000c08464f8ffffffff
TASK[0] num_addresses=9 timeout=0x0 address_list=0xfffffffff86484c0
ADDR_LIST[0] addr=0xfffffffff86484c0 count=9 data=060000000000000000000000000000000b000000000000000000000000000000050000000000000000000000000000000c000000000000000000000000000000060000000000000000000000000000000700000000000000000000000000000008000000000000000000000000000000090000000000000000000000000000000a000000000000000000000000000000
EXIT fd=3 req=0xc0106440 ret=0 arg=0xfffff86bd7e0 size=16 data=a08464f8ffffffff0100000000000000
ENTER fd=3 req=0xc0046443 arg=0xfffff8732aa8 size=4 data=09000000
EXIT fd=3 req=0xc0046443 ret=0 arg=0xfffff8732aa8 size=4 data=09000000
ENTER fd=3 req=0xc0046443 arg=0xfffff8732aa8 size=4 data=08000000
EXIT fd=3 req=0xc0046443 ret=0 arg=0xfffff8732aa8 size=4 data=08000000
ENTER fd=3 req=0xc0046443 arg=0xfffff8732bc8 size=4 data=01000000
EXIT fd=3 req=0xc0046443 ret=0 arg=0xfffff8732bc8 size=4 data=01000000
ENTER fd=3 req=0xc0046443 arg=0xfffff8732bc8 size=4 data=02000000
EXIT fd=3 req=0xc0046443 ret=0 arg=0xfffff8732bc8 size=4 data=02000000
ENTER fd=3 req=0xc0046443 arg=0xfffff8732bc8 size=4 data=03000000
EXIT fd=3 req=0xc0046443 ret=0 arg=0xfffff8732bc8 size=4 data=03000000
ENTER fd=3 req=0xc0046443 arg=0xfffff8732bc8 size=4 data=04000000
EXIT fd=3 req=0xc0046443 ret=0 arg=0xfffff8732bc8 size=4 data=04000000
ENTER fd=3 req=0xc0046443 arg=0xfffff8732bc8 size=4 data=05000000
EXIT fd=3 req=0xc0046443 ret=0 arg=0xfffff8732bc8 size=4 data=05000000
ENTER fd=3 req=0xc0046443 arg=0xfffff8732bc8 size=4 data=06000000
EXIT fd=3 req=0xc0046443 ret=0 arg=0xfffff8732bc8 size=4 data=06000000
ENTER fd=3 req=0xc0046443 arg=0xfffff8732bc8 size=4 data=07000000
EXIT fd=3 req=0xc0046443 ret=0 arg=0xfffff8732bc8 size=4 data=07000000
EXIT 0
